../Core/Src/main.c:100:6:update_speed_display	32	static
../Core/Src/main.c:111:6:update_speed1_display	32	static
../Core/Src/main.c:121:6:update_steering_display	40	static
../Core/Src/main.c:131:9:update_steering_pulse	24	static
../Core/Src/main.c:144:6:HAL_SPI_TxCpltCallback	24	static
../Core/Src/main.c:156:6:toggle_indicator	16	static
../Core/Src/main.c:169:10:angle_to_pulse	24	static
../Core/Src/main.c:182:5:main	8	static
../Core/Src/main.c:320:6:SystemClock_Config	88	static
../Core/Src/main.c:368:13:MX_CAN2_Init	48	static
../Core/Src/main.c:433:13:MX_RTC_Init	32	static
../Core/Src/main.c:496:13:MX_SPI1_Init	8	static
../Core/Src/main.c:532:13:MX_DMA_Init	16	static
../Core/Src/main.c:550:13:MX_GPIO_Init	48	static
../Core/Src/main.c:585:6:HAL_CAN_RxFifo0MsgPendingCallback	16	static
../Core/Src/main.c:642:6:Error_Handler	4	static,ignoring_inline_asm
